INFO:     Uvicorn running on http://0.0.0.0:5000 (Press CTRL+C to quit)
INFO:     Started parent process [2930]
INFO:     Started server process [2933]
INFO:     Waiting for application startup.
INFO:     Started server process [2934]
INFO:     Waiting for application startup.
INFO:     Started server process [2935]
INFO:     Waiting for application startup.
INFO:     Started server process [2936]
INFO:     Waiting for application startup.
INFO:     Application startup complete.
INFO:     Application startup complete.
INFO:     Application startup complete.
INFO:     Application startup complete.
INFO:     Received SIGHUP, restarting processes.
INFO:     Waiting for child process [2933]
/usr/lib/python3.10/multiprocessing/resource_tracker.py:104: UserWarning: resource_tracker: process died unexpectedly, relaunching.  Some resources might leak.
  warnings.warn('resource_tracker: process died unexpectedly, '
INFO:     Waiting for child process [2934]
INFO:     Waiting for child process [2935]
INFO:     Waiting for child process [2936]
INFO:     Received SIGTERM, exiting.
INFO:     Terminated child process [4116]
INFO:     Terminated child process [4117]
INFO:     Terminated child process [4121]
INFO:     Terminated child process [4122]
INFO:     Waiting for child process [4116]
INFO:     Waiting for child process [4117]
INFO:     Waiting for child process [4121]
INFO:     Waiting for child process [4122]
INFO:     Stopping parent process [2930]
